Script started on Mon 05 Feb 2018 07:12:43 PM PST
liz@liz-MS-7A72:~/Desktop/Lab2/Q1$ ulimite-csunlimitedbtest
liz@liz-MS-7A72:~/Desktop/Lab2/Q1$ gcc -g coredump.c -o coredump
liz@liz-MS-7A72:~/Desktop/Lab2/Q1$ ./coredump
The next line will cause core dump.
ERROR: -1

TEST1: input 0.9, 1 Result: 0
TEST2: input 0, 0  Result:-1
TEST3: input 10.5, 2  Result:5
liz@liz-MS-7A72:~/Desktop/Lab2/Q1$ gdb coredump core
GNU gdb (Ubuntu 7.11.1-0ubuntu1~16.5) 7.11.1
Copyright (C) 2016 Free Software Foundation, Inc.
License GPLv3+: GNU GPL version 3 or later <http://gnu.org/licenses/gpl.html>
This is free software: you are free to change and redistribute it.
There is NO WARRANTY, to the extent permitted by law.  Type "show copying"
and "show warranty" for details.
This GDB was configured as "x86_64-linux-gnu".
Type "show configuration" for configuration details.
For bug reporting instructions, please see:
<http://www.gnu.org/software/gdb/bugs/>.
Find the GDB manual and other documentation resources online at:
<http://www.gnu.org/software/gdb/documentation/>.
For help, type "help".
Type "apropos word" to search for commands related to "word"...
Reading symbols from coredump...done.
/home/liz/Desktop/Lab2/Q1/core: No such file or directory.
(gdb) where
No stack.
(gdb) list
1	// Isabel Valdez Lab 2 Using debugging process
2
3	#include <stdio.h>
4
5
6	int offensiveFunc(int , int );
7
8	int main(void)
9	{
10	   printf("The next line will cause core dump.\n");
(gdb) print y
No symbol "y" in current context.
(gdb) print x
No symbol "x" in current context.
(gdb)
[1]+  Stopped		      gdb coredump core
liz@liz-MS-7A72:~/Desktop/Lab2/Q1$ ulimit -c 0
liz@liz-MS-7A72:~/Desktop/Lab2/Q1$ exit
exit
There are stopped jobs.
liz@liz-MS-7A72:~/Desktop/Lab2/Q1$ exit
exit
Exception ignored in: <gdb.GdbOutputFile object at 0x7f431b768518>
Traceback (most recent call last):
  File "/usr/share/gdb/python/gdb/__init__.py", line 43, in flush
    def flush(self):
KeyboardInterrupt

Script done on Mon 05 Feb 2018 07:16:09 PM PST
